[1.449s] Invoking command in '/elkapod_sim_ws/src/camera_ws/build/oak_camera': PS1=\[\033[01;32m\]\u@\H\[\033[00m\]:\[\033[01;34m\]\w\[\033[01;31m\]${PS1_CMD1}\[\033[00m\]$ PYTHONPATH=/elkapod_sim_ws/src/camera_ws/build/oak_camera/prefix_override:/usr/lib/python3/dist-packages/colcon_core/task/python/colcon_distutils_commands:/elkapod_sim_ws/src/camera_ws/install/oak_camera/lib/python3.12/site-packages:${PYTHONPATH} SDL_GAMECONTROLLERCONFIG=050000005e040000130b000023050000,Xbox Series X Controller,platform:Linux,crc:dc18,
a:b0,b:b1,x:b3,y:b4,back:b10,guide:b12,start:b11,leftstick:b13,rightstick:b14,
leftshoulder:b6,rightshoulder:b7,dpup:h0.1,dpdown:h0.4,dpleft:h0.8,dpright:h0.2,
misc1:b15,leftx:a0,lefty:a1,rightx:a2,righty:a3,lefttrigger:a5,righttrigger:a4, /usr/bin/python3 -W ignore:setup.py install is deprecated -W ignore:easy_install command is deprecated setup.py develop --editable --build-directory /elkapod_sim_ws/src/camera_ws/build/oak_camera/build --no-deps symlink_data
[1.991s] running develop
[2.266s] running egg_info
[2.266s] creating oak_camera.egg-info
[2.292s] writing oak_camera.egg-info/PKG-INFO
[2.293s] writing dependency_links to oak_camera.egg-info/dependency_links.txt
[2.293s] writing entry points to oak_camera.egg-info/entry_points.txt
[2.293s] writing requirements to oak_camera.egg-info/requires.txt
[2.293s] writing top-level names to oak_camera.egg-info/top_level.txt
[2.293s] writing manifest file 'oak_camera.egg-info/SOURCES.txt'
[2.353s] reading manifest file 'oak_camera.egg-info/SOURCES.txt'
[2.354s] writing manifest file 'oak_camera.egg-info/SOURCES.txt'
[2.384s] running build_ext
[2.384s] Creating /elkapod_sim_ws/src/camera_ws/install/oak_camera/lib/python3.12/site-packages/oak-camera.egg-link (link to .)
[2.385s] Installing obstacle_node script to /elkapod_sim_ws/src/camera_ws/install/oak_camera/lib/oak_camera
[2.385s] 
[2.385s] Installed /elkapod_sim_ws/src/camera_ws/build/oak_camera
[2.385s] running symlink_data
[2.385s] creating /elkapod_sim_ws/src/camera_ws/install/oak_camera/share/ament_index
[2.386s] creating /elkapod_sim_ws/src/camera_ws/install/oak_camera/share/ament_index/resource_index
[2.386s] creating /elkapod_sim_ws/src/camera_ws/install/oak_camera/share/ament_index/resource_index/packages
[2.386s] symbolically linking /elkapod_sim_ws/src/camera_ws/build/oak_camera/resource/oak_camera -> /elkapod_sim_ws/src/camera_ws/install/oak_camera/share/ament_index/resource_index/packages
[2.386s] symbolically linking /elkapod_sim_ws/src/camera_ws/build/oak_camera/package.xml -> /elkapod_sim_ws/src/camera_ws/install/oak_camera/share/oak_camera
[2.386s] creating /elkapod_sim_ws/src/camera_ws/install/oak_camera/share/oak_camera/launch
[2.386s] symbolically linking /elkapod_sim_ws/src/camera_ws/build/oak_camera/launch/depth_camera.launch.py -> /elkapod_sim_ws/src/camera_ws/install/oak_camera/share/oak_camera/launch
[2.514s] Invoked command in '/elkapod_sim_ws/src/camera_ws/build/oak_camera' returned '0': PS1=\[\033[01;32m\]\u@\H\[\033[00m\]:\[\033[01;34m\]\w\[\033[01;31m\]${PS1_CMD1}\[\033[00m\]$ PYTHONPATH=/elkapod_sim_ws/src/camera_ws/build/oak_camera/prefix_override:/usr/lib/python3/dist-packages/colcon_core/task/python/colcon_distutils_commands:/elkapod_sim_ws/src/camera_ws/install/oak_camera/lib/python3.12/site-packages:${PYTHONPATH} SDL_GAMECONTROLLERCONFIG=050000005e040000130b000023050000,Xbox Series X Controller,platform:Linux,crc:dc18,
a:b0,b:b1,x:b3,y:b4,back:b10,guide:b12,start:b11,leftstick:b13,rightstick:b14,
leftshoulder:b6,rightshoulder:b7,dpup:h0.1,dpdown:h0.4,dpleft:h0.8,dpright:h0.2,
misc1:b15,leftx:a0,lefty:a1,rightx:a2,righty:a3,lefttrigger:a5,righttrigger:a4, /usr/bin/python3 -W ignore:setup.py install is deprecated -W ignore:easy_install command is deprecated setup.py develop --editable --build-directory /elkapod_sim_ws/src/camera_ws/build/oak_camera/build --no-deps symlink_data
